ERROR - 2025-11-10 03:06:51 --> mysqli_sql_exception: Duplicate entry '0' for key 'dt_temuan_patrol.PRIMARY' in D:\Ampps\www\quality-patrol\system\Database\MySQLi\Connection.php:327
Stack trace:
#0 D:\Ampps\www\quality-patrol\system\Database\MySQLi\Connection.php(327): mysqli->query()
#1 D:\Ampps\www\quality-patrol\system\Database\BaseConnection.php(729): CodeIgniter\Database\MySQLi\Connection->execute()
#2 D:\Ampps\www\quality-patrol\system\Database\BaseConnection.php(646): CodeIgniter\Database\BaseConnection->simpleQuery()
#3 D:\Ampps\www\quality-patrol\system\Database\BaseBuilder.php(2345): CodeIgniter\Database\BaseConnection->query()
#4 D:\Ampps\www\quality-patrol\app\Controllers\testDB.php(32): CodeIgniter\Database\BaseBuilder->insert()
#5 D:\Ampps\www\quality-patrol\system\CodeIgniter.php(933): App\Controllers\testDB->index()
#6 D:\Ampps\www\quality-patrol\system\CodeIgniter.php(507): CodeIgniter\CodeIgniter->runController()
#7 D:\Ampps\www\quality-patrol\system\CodeIgniter.php(354): CodeIgniter\CodeIgniter->handleRequest()
#8 D:\Ampps\www\quality-patrol\system\Boot.php(363): CodeIgniter\CodeIgniter->run()
#9 D:\Ampps\www\quality-patrol\system\Boot.php(68): CodeIgniter\Boot::runCodeIgniter()
#10 D:\Ampps\www\quality-patrol\public\index.php(59): CodeIgniter\Boot::bootWeb()
#11 D:\Ampps\www\quality-patrol\system\rewrite.php(44): require_once('...')
#12 {main}
CRITICAL - 2025-11-10 03:06:51 --> CodeIgniter\Database\Exceptions\DatabaseException: Duplicate entry '0' for key 'dt_temuan_patrol.PRIMARY'
[Method: GET, Route: testdb]
in SYSTEMPATH\Database\BaseConnection.php on line 684.
 1 SYSTEMPATH\Database\BaseBuilder.php(2345): CodeIgniter\Database\BaseConnection->query()
 2 APPPATH\Controllers\testDB.php(32): CodeIgniter\Database\BaseBuilder->insert()
 3 SYSTEMPATH\CodeIgniter.php(933): App\Controllers\testDB->index()
 4 SYSTEMPATH\CodeIgniter.php(507): CodeIgniter\CodeIgniter->runController()
 5 SYSTEMPATH\CodeIgniter.php(354): CodeIgniter\CodeIgniter->handleRequest()
 6 SYSTEMPATH\Boot.php(363): CodeIgniter\CodeIgniter->run()
 7 SYSTEMPATH\Boot.php(68): CodeIgniter\Boot::runCodeIgniter()
 8 FCPATH\index.php(59): CodeIgniter\Boot::bootWeb()
 9 SYSTEMPATH\rewrite.php(44): require_once('D:\\Ampps\\www\\quality-patrol\\public\\index.php')
CRITICAL - 2025-11-10 03:06:51 --> [Caused by] CodeIgniter\Database\Exceptions\DatabaseException: Duplicate entry '0' for key 'dt_temuan_patrol.PRIMARY'
in SYSTEMPATH\Database\MySQLi\Connection.php on line 332.
 1 SYSTEMPATH\Database\BaseConnection.php(729): CodeIgniter\Database\MySQLi\Connection->execute()
 2 SYSTEMPATH\Database\BaseConnection.php(646): CodeIgniter\Database\BaseConnection->simpleQuery()
 3 SYSTEMPATH\Database\BaseBuilder.php(2345): CodeIgniter\Database\BaseConnection->query()
 4 APPPATH\Controllers\testDB.php(32): CodeIgniter\Database\BaseBuilder->insert()
 5 SYSTEMPATH\CodeIgniter.php(933): App\Controllers\testDB->index()
 6 SYSTEMPATH\CodeIgniter.php(507): CodeIgniter\CodeIgniter->runController()
 7 SYSTEMPATH\CodeIgniter.php(354): CodeIgniter\CodeIgniter->handleRequest()
 8 SYSTEMPATH\Boot.php(363): CodeIgniter\CodeIgniter->run()
 9 SYSTEMPATH\Boot.php(68): CodeIgniter\Boot::runCodeIgniter()
10 FCPATH\index.php(59): CodeIgniter\Boot::bootWeb()
11 SYSTEMPATH\rewrite.php(44): require_once('D:\\Ampps\\www\\quality-patrol\\public\\index.php')
CRITICAL - 2025-11-10 03:06:51 --> [Caused by] mysqli_sql_exception: Duplicate entry '0' for key 'dt_temuan_patrol.PRIMARY'
in SYSTEMPATH\Database\MySQLi\Connection.php on line 327.
 1 SYSTEMPATH\Database\MySQLi\Connection.php(327): mysqli->query()
 2 SYSTEMPATH\Database\BaseConnection.php(729): CodeIgniter\Database\MySQLi\Connection->execute()
 3 SYSTEMPATH\Database\BaseConnection.php(646): CodeIgniter\Database\BaseConnection->simpleQuery()
 4 SYSTEMPATH\Database\BaseBuilder.php(2345): CodeIgniter\Database\BaseConnection->query()
 5 APPPATH\Controllers\testDB.php(32): CodeIgniter\Database\BaseBuilder->insert()
 6 SYSTEMPATH\CodeIgniter.php(933): App\Controllers\testDB->index()
 7 SYSTEMPATH\CodeIgniter.php(507): CodeIgniter\CodeIgniter->runController()
 8 SYSTEMPATH\CodeIgniter.php(354): CodeIgniter\CodeIgniter->handleRequest()
 9 SYSTEMPATH\Boot.php(363): CodeIgniter\CodeIgniter->run()
10 SYSTEMPATH\Boot.php(68): CodeIgniter\Boot::runCodeIgniter()
11 FCPATH\index.php(59): CodeIgniter\Boot::bootWeb()
12 SYSTEMPATH\rewrite.php(44): require_once('D:\\Ampps\\www\\quality-patrol\\public\\index.php')
ERROR - 2025-11-10 03:09:19 --> mysqli_sql_exception: Duplicate entry '0' for key 'dt_temuan_patrol.PRIMARY' in D:\Ampps\www\quality-patrol\system\Database\MySQLi\Connection.php:327
Stack trace:
#0 D:\Ampps\www\quality-patrol\system\Database\MySQLi\Connection.php(327): mysqli->query()
#1 D:\Ampps\www\quality-patrol\system\Database\BaseConnection.php(729): CodeIgniter\Database\MySQLi\Connection->execute()
#2 D:\Ampps\www\quality-patrol\system\Database\BaseConnection.php(646): CodeIgniter\Database\BaseConnection->simpleQuery()
#3 D:\Ampps\www\quality-patrol\system\Database\BaseBuilder.php(2345): CodeIgniter\Database\BaseConnection->query()
#4 D:\Ampps\www\quality-patrol\app\Controllers\testDB.php(32): CodeIgniter\Database\BaseBuilder->insert()
#5 D:\Ampps\www\quality-patrol\system\CodeIgniter.php(933): App\Controllers\testDB->index()
#6 D:\Ampps\www\quality-patrol\system\CodeIgniter.php(507): CodeIgniter\CodeIgniter->runController()
#7 D:\Ampps\www\quality-patrol\system\CodeIgniter.php(354): CodeIgniter\CodeIgniter->handleRequest()
#8 D:\Ampps\www\quality-patrol\system\Boot.php(363): CodeIgniter\CodeIgniter->run()
#9 D:\Ampps\www\quality-patrol\system\Boot.php(68): CodeIgniter\Boot::runCodeIgniter()
#10 D:\Ampps\www\quality-patrol\public\index.php(59): CodeIgniter\Boot::bootWeb()
#11 D:\Ampps\www\quality-patrol\system\rewrite.php(44): require_once('...')
#12 {main}
CRITICAL - 2025-11-10 03:09:19 --> CodeIgniter\Database\Exceptions\DatabaseException: Duplicate entry '0' for key 'dt_temuan_patrol.PRIMARY'
[Method: GET, Route: testdb]
in SYSTEMPATH\Database\BaseConnection.php on line 684.
 1 SYSTEMPATH\Database\BaseBuilder.php(2345): CodeIgniter\Database\BaseConnection->query()
 2 APPPATH\Controllers\testDB.php(32): CodeIgniter\Database\BaseBuilder->insert()
 3 SYSTEMPATH\CodeIgniter.php(933): App\Controllers\testDB->index()
 4 SYSTEMPATH\CodeIgniter.php(507): CodeIgniter\CodeIgniter->runController()
 5 SYSTEMPATH\CodeIgniter.php(354): CodeIgniter\CodeIgniter->handleRequest()
 6 SYSTEMPATH\Boot.php(363): CodeIgniter\CodeIgniter->run()
 7 SYSTEMPATH\Boot.php(68): CodeIgniter\Boot::runCodeIgniter()
 8 FCPATH\index.php(59): CodeIgniter\Boot::bootWeb()
 9 SYSTEMPATH\rewrite.php(44): require_once('D:\\Ampps\\www\\quality-patrol\\public\\index.php')
CRITICAL - 2025-11-10 03:09:19 --> [Caused by] CodeIgniter\Database\Exceptions\DatabaseException: Duplicate entry '0' for key 'dt_temuan_patrol.PRIMARY'
in SYSTEMPATH\Database\MySQLi\Connection.php on line 332.
 1 SYSTEMPATH\Database\BaseConnection.php(729): CodeIgniter\Database\MySQLi\Connection->execute()
 2 SYSTEMPATH\Database\BaseConnection.php(646): CodeIgniter\Database\BaseConnection->simpleQuery()
 3 SYSTEMPATH\Database\BaseBuilder.php(2345): CodeIgniter\Database\BaseConnection->query()
 4 APPPATH\Controllers\testDB.php(32): CodeIgniter\Database\BaseBuilder->insert()
 5 SYSTEMPATH\CodeIgniter.php(933): App\Controllers\testDB->index()
 6 SYSTEMPATH\CodeIgniter.php(507): CodeIgniter\CodeIgniter->runController()
 7 SYSTEMPATH\CodeIgniter.php(354): CodeIgniter\CodeIgniter->handleRequest()
 8 SYSTEMPATH\Boot.php(363): CodeIgniter\CodeIgniter->run()
 9 SYSTEMPATH\Boot.php(68): CodeIgniter\Boot::runCodeIgniter()
10 FCPATH\index.php(59): CodeIgniter\Boot::bootWeb()
11 SYSTEMPATH\rewrite.php(44): require_once('D:\\Ampps\\www\\quality-patrol\\public\\index.php')
CRITICAL - 2025-11-10 03:09:19 --> [Caused by] mysqli_sql_exception: Duplicate entry '0' for key 'dt_temuan_patrol.PRIMARY'
in SYSTEMPATH\Database\MySQLi\Connection.php on line 327.
 1 SYSTEMPATH\Database\MySQLi\Connection.php(327): mysqli->query()
 2 SYSTEMPATH\Database\BaseConnection.php(729): CodeIgniter\Database\MySQLi\Connection->execute()
 3 SYSTEMPATH\Database\BaseConnection.php(646): CodeIgniter\Database\BaseConnection->simpleQuery()
 4 SYSTEMPATH\Database\BaseBuilder.php(2345): CodeIgniter\Database\BaseConnection->query()
 5 APPPATH\Controllers\testDB.php(32): CodeIgniter\Database\BaseBuilder->insert()
 6 SYSTEMPATH\CodeIgniter.php(933): App\Controllers\testDB->index()
 7 SYSTEMPATH\CodeIgniter.php(507): CodeIgniter\CodeIgniter->runController()
 8 SYSTEMPATH\CodeIgniter.php(354): CodeIgniter\CodeIgniter->handleRequest()
 9 SYSTEMPATH\Boot.php(363): CodeIgniter\CodeIgniter->run()
10 SYSTEMPATH\Boot.php(68): CodeIgniter\Boot::runCodeIgniter()
11 FCPATH\index.php(59): CodeIgniter\Boot::bootWeb()
12 SYSTEMPATH\rewrite.php(44): require_once('D:\\Ampps\\www\\quality-patrol\\public\\index.php')
ERROR - 2025-11-10 06:08:01 --> mysqli_sql_exception: Column 'nama_seksi' cannot be null in D:\Ampps\www\quality-patrol\system\Database\MySQLi\Connection.php:327
Stack trace:
#0 D:\Ampps\www\quality-patrol\system\Database\MySQLi\Connection.php(327): mysqli->query()
#1 D:\Ampps\www\quality-patrol\system\Database\BaseConnection.php(729): CodeIgniter\Database\MySQLi\Connection->execute()
#2 D:\Ampps\www\quality-patrol\system\Database\BaseConnection.php(646): CodeIgniter\Database\BaseConnection->simpleQuery()
#3 D:\Ampps\www\quality-patrol\system\Database\BaseBuilder.php(2345): CodeIgniter\Database\BaseConnection->query()
#4 D:\Ampps\www\quality-patrol\app\Models\Model_data_patrol.php(42): CodeIgniter\Database\BaseBuilder->insert()
#5 D:\Ampps\www\quality-patrol\app\Controllers\Admin.php(62): App\Models\Model_data_patrol->insert_seksi()
#6 D:\Ampps\www\quality-patrol\system\CodeIgniter.php(933): App\Controllers\Admin->sendData()
#7 D:\Ampps\www\quality-patrol\system\CodeIgniter.php(507): CodeIgniter\CodeIgniter->runController()
#8 D:\Ampps\www\quality-patrol\system\CodeIgniter.php(354): CodeIgniter\CodeIgniter->handleRequest()
#9 D:\Ampps\www\quality-patrol\system\Boot.php(363): CodeIgniter\CodeIgniter->run()
#10 D:\Ampps\www\quality-patrol\system\Boot.php(68): CodeIgniter\Boot::runCodeIgniter()
#11 D:\Ampps\www\quality-patrol\public\index.php(59): CodeIgniter\Boot::bootWeb()
#12 D:\Ampps\www\quality-patrol\system\rewrite.php(44): require_once('...')
#13 {main}
CRITICAL - 2025-11-10 06:08:01 --> CodeIgniter\Database\Exceptions\DatabaseException: Column 'nama_seksi' cannot be null
[Method: POST, Route: admin/sendData]
in SYSTEMPATH\Database\BaseConnection.php on line 684.
 1 SYSTEMPATH\Database\BaseBuilder.php(2345): CodeIgniter\Database\BaseConnection->query()
 2 APPPATH\Models\Model_data_patrol.php(42): CodeIgniter\Database\BaseBuilder->insert()
 3 APPPATH\Controllers\Admin.php(62): App\Models\Model_data_patrol->insert_seksi()
 4 SYSTEMPATH\CodeIgniter.php(933): App\Controllers\Admin->sendData()
 5 SYSTEMPATH\CodeIgniter.php(507): CodeIgniter\CodeIgniter->runController()
 6 SYSTEMPATH\CodeIgniter.php(354): CodeIgniter\CodeIgniter->handleRequest()
 7 SYSTEMPATH\Boot.php(363): CodeIgniter\CodeIgniter->run()
 8 SYSTEMPATH\Boot.php(68): CodeIgniter\Boot::runCodeIgniter()
 9 FCPATH\index.php(59): CodeIgniter\Boot::bootWeb()
10 SYSTEMPATH\rewrite.php(44): require_once('D:\\Ampps\\www\\quality-patrol\\public\\index.php')
CRITICAL - 2025-11-10 06:08:01 --> [Caused by] CodeIgniter\Database\Exceptions\DatabaseException: Column 'nama_seksi' cannot be null
in SYSTEMPATH\Database\MySQLi\Connection.php on line 332.
 1 SYSTEMPATH\Database\BaseConnection.php(729): CodeIgniter\Database\MySQLi\Connection->execute()
 2 SYSTEMPATH\Database\BaseConnection.php(646): CodeIgniter\Database\BaseConnection->simpleQuery()
 3 SYSTEMPATH\Database\BaseBuilder.php(2345): CodeIgniter\Database\BaseConnection->query()
 4 APPPATH\Models\Model_data_patrol.php(42): CodeIgniter\Database\BaseBuilder->insert()
 5 APPPATH\Controllers\Admin.php(62): App\Models\Model_data_patrol->insert_seksi()
 6 SYSTEMPATH\CodeIgniter.php(933): App\Controllers\Admin->sendData()
 7 SYSTEMPATH\CodeIgniter.php(507): CodeIgniter\CodeIgniter->runController()
 8 SYSTEMPATH\CodeIgniter.php(354): CodeIgniter\CodeIgniter->handleRequest()
 9 SYSTEMPATH\Boot.php(363): CodeIgniter\CodeIgniter->run()
10 SYSTEMPATH\Boot.php(68): CodeIgniter\Boot::runCodeIgniter()
11 FCPATH\index.php(59): CodeIgniter\Boot::bootWeb()
12 SYSTEMPATH\rewrite.php(44): require_once('D:\\Ampps\\www\\quality-patrol\\public\\index.php')
CRITICAL - 2025-11-10 06:08:01 --> [Caused by] mysqli_sql_exception: Column 'nama_seksi' cannot be null
in SYSTEMPATH\Database\MySQLi\Connection.php on line 327.
 1 SYSTEMPATH\Database\MySQLi\Connection.php(327): mysqli->query()
 2 SYSTEMPATH\Database\BaseConnection.php(729): CodeIgniter\Database\MySQLi\Connection->execute()
 3 SYSTEMPATH\Database\BaseConnection.php(646): CodeIgniter\Database\BaseConnection->simpleQuery()
 4 SYSTEMPATH\Database\BaseBuilder.php(2345): CodeIgniter\Database\BaseConnection->query()
 5 APPPATH\Models\Model_data_patrol.php(42): CodeIgniter\Database\BaseBuilder->insert()
 6 APPPATH\Controllers\Admin.php(62): App\Models\Model_data_patrol->insert_seksi()
 7 SYSTEMPATH\CodeIgniter.php(933): App\Controllers\Admin->sendData()
 8 SYSTEMPATH\CodeIgniter.php(507): CodeIgniter\CodeIgniter->runController()
 9 SYSTEMPATH\CodeIgniter.php(354): CodeIgniter\CodeIgniter->handleRequest()
10 SYSTEMPATH\Boot.php(363): CodeIgniter\CodeIgniter->run()
11 SYSTEMPATH\Boot.php(68): CodeIgniter\Boot::runCodeIgniter()
12 FCPATH\index.php(59): CodeIgniter\Boot::bootWeb()
13 SYSTEMPATH\rewrite.php(44): require_once('D:\\Ampps\\www\\quality-patrol\\public\\index.php')
CRITICAL - 2025-11-10 06:09:02 --> ErrorException: foreach() argument must be of type array|object, bool given
[Method: POST, Route: admin/sendData]
in APPPATH\Controllers\Admin.php on line 65.
 1 APPPATH\Controllers\Admin.php(65): CodeIgniter\Debug\Exceptions->errorHandler()
 2 SYSTEMPATH\CodeIgniter.php(933): App\Controllers\Admin->sendData()
 3 SYSTEMPATH\CodeIgniter.php(507): CodeIgniter\CodeIgniter->runController()
 4 SYSTEMPATH\CodeIgniter.php(354): CodeIgniter\CodeIgniter->handleRequest()
 5 SYSTEMPATH\Boot.php(363): CodeIgniter\CodeIgniter->run()
 6 SYSTEMPATH\Boot.php(68): CodeIgniter\Boot::runCodeIgniter()
 7 FCPATH\index.php(59): CodeIgniter\Boot::bootWeb()
 8 SYSTEMPATH\rewrite.php(44): require_once('D:\\Ampps\\www\\quality-patrol\\public\\index.php')
CRITICAL - 2025-11-10 06:58:18 --> CodeIgniter\Database\Exceptions\DatabaseException: You must set the database table to be used with your query.
[Method: GET, Route: admin/mdata_user]
in SYSTEMPATH\Database\BaseConnection.php on line 944.
 1 SYSTEMPATH\Model.php(713): CodeIgniter\Database\BaseConnection->table()
 2 SYSTEMPATH\Model.php(917): CodeIgniter\Model->builder()
 3 APPPATH\Controllers\Admin.php(18): CodeIgniter\Model->__call()
 4 SYSTEMPATH\CodeIgniter.php(933): App\Controllers\Admin->mdata_user()
 5 SYSTEMPATH\CodeIgniter.php(507): CodeIgniter\CodeIgniter->runController()
 6 SYSTEMPATH\CodeIgniter.php(354): CodeIgniter\CodeIgniter->handleRequest()
 7 SYSTEMPATH\Boot.php(363): CodeIgniter\CodeIgniter->run()
 8 SYSTEMPATH\Boot.php(68): CodeIgniter\Boot::runCodeIgniter()
 9 FCPATH\index.php(59): CodeIgniter\Boot::bootWeb()
10 SYSTEMPATH\rewrite.php(44): require_once('D:\\Ampps\\www\\quality-patrol\\public\\index.php')
ERROR - 2025-11-10 07:31:17 --> mysqli_sql_exception: Unknown column 'dept' in 'field list' in D:\Ampps\www\quality-patrol\system\Database\MySQLi\Connection.php:327
Stack trace:
#0 D:\Ampps\www\quality-patrol\system\Database\MySQLi\Connection.php(327): mysqli->query()
#1 D:\Ampps\www\quality-patrol\system\Database\BaseConnection.php(729): CodeIgniter\Database\MySQLi\Connection->execute()
#2 D:\Ampps\www\quality-patrol\system\Database\BaseConnection.php(646): CodeIgniter\Database\BaseConnection->simpleQuery()
#3 D:\Ampps\www\quality-patrol\system\Database\BaseBuilder.php(2345): CodeIgniter\Database\BaseConnection->query()
#4 D:\Ampps\www\quality-patrol\app\Controllers\Admin.php(144): CodeIgniter\Database\BaseBuilder->insert()
#5 D:\Ampps\www\quality-patrol\system\CodeIgniter.php(933): App\Controllers\Admin->sendData()
#6 D:\Ampps\www\quality-patrol\system\CodeIgniter.php(507): CodeIgniter\CodeIgniter->runController()
#7 D:\Ampps\www\quality-patrol\system\CodeIgniter.php(354): CodeIgniter\CodeIgniter->handleRequest()
#8 D:\Ampps\www\quality-patrol\system\Boot.php(363): CodeIgniter\CodeIgniter->run()
#9 D:\Ampps\www\quality-patrol\system\Boot.php(68): CodeIgniter\Boot::runCodeIgniter()
#10 D:\Ampps\www\quality-patrol\public\index.php(59): CodeIgniter\Boot::bootWeb()
#11 D:\Ampps\www\quality-patrol\system\rewrite.php(44): require_once('...')
#12 {main}
CRITICAL - 2025-11-10 07:31:17 --> CodeIgniter\Database\Exceptions\DatabaseException: Unknown column 'dept' in 'field list'
[Method: POST, Route: admin/sendData]
in SYSTEMPATH\Database\BaseConnection.php on line 684.
 1 SYSTEMPATH\Database\BaseBuilder.php(2345): CodeIgniter\Database\BaseConnection->query()
 2 APPPATH\Controllers\Admin.php(144): CodeIgniter\Database\BaseBuilder->insert()
 3 SYSTEMPATH\CodeIgniter.php(933): App\Controllers\Admin->sendData()
 4 SYSTEMPATH\CodeIgniter.php(507): CodeIgniter\CodeIgniter->runController()
 5 SYSTEMPATH\CodeIgniter.php(354): CodeIgniter\CodeIgniter->handleRequest()
 6 SYSTEMPATH\Boot.php(363): CodeIgniter\CodeIgniter->run()
 7 SYSTEMPATH\Boot.php(68): CodeIgniter\Boot::runCodeIgniter()
 8 FCPATH\index.php(59): CodeIgniter\Boot::bootWeb()
 9 SYSTEMPATH\rewrite.php(44): require_once('D:\\Ampps\\www\\quality-patrol\\public\\index.php')
CRITICAL - 2025-11-10 07:31:17 --> [Caused by] CodeIgniter\Database\Exceptions\DatabaseException: Unknown column 'dept' in 'field list'
in SYSTEMPATH\Database\MySQLi\Connection.php on line 332.
 1 SYSTEMPATH\Database\BaseConnection.php(729): CodeIgniter\Database\MySQLi\Connection->execute()
 2 SYSTEMPATH\Database\BaseConnection.php(646): CodeIgniter\Database\BaseConnection->simpleQuery()
 3 SYSTEMPATH\Database\BaseBuilder.php(2345): CodeIgniter\Database\BaseConnection->query()
 4 APPPATH\Controllers\Admin.php(144): CodeIgniter\Database\BaseBuilder->insert()
 5 SYSTEMPATH\CodeIgniter.php(933): App\Controllers\Admin->sendData()
 6 SYSTEMPATH\CodeIgniter.php(507): CodeIgniter\CodeIgniter->runController()
 7 SYSTEMPATH\CodeIgniter.php(354): CodeIgniter\CodeIgniter->handleRequest()
 8 SYSTEMPATH\Boot.php(363): CodeIgniter\CodeIgniter->run()
 9 SYSTEMPATH\Boot.php(68): CodeIgniter\Boot::runCodeIgniter()
10 FCPATH\index.php(59): CodeIgniter\Boot::bootWeb()
11 SYSTEMPATH\rewrite.php(44): require_once('D:\\Ampps\\www\\quality-patrol\\public\\index.php')
CRITICAL - 2025-11-10 07:31:17 --> [Caused by] mysqli_sql_exception: Unknown column 'dept' in 'field list'
in SYSTEMPATH\Database\MySQLi\Connection.php on line 327.
 1 SYSTEMPATH\Database\MySQLi\Connection.php(327): mysqli->query()
 2 SYSTEMPATH\Database\BaseConnection.php(729): CodeIgniter\Database\MySQLi\Connection->execute()
 3 SYSTEMPATH\Database\BaseConnection.php(646): CodeIgniter\Database\BaseConnection->simpleQuery()
 4 SYSTEMPATH\Database\BaseBuilder.php(2345): CodeIgniter\Database\BaseConnection->query()
 5 APPPATH\Controllers\Admin.php(144): CodeIgniter\Database\BaseBuilder->insert()
 6 SYSTEMPATH\CodeIgniter.php(933): App\Controllers\Admin->sendData()
 7 SYSTEMPATH\CodeIgniter.php(507): CodeIgniter\CodeIgniter->runController()
 8 SYSTEMPATH\CodeIgniter.php(354): CodeIgniter\CodeIgniter->handleRequest()
 9 SYSTEMPATH\Boot.php(363): CodeIgniter\CodeIgniter->run()
10 SYSTEMPATH\Boot.php(68): CodeIgniter\Boot::runCodeIgniter()
11 FCPATH\index.php(59): CodeIgniter\Boot::bootWeb()
12 SYSTEMPATH\rewrite.php(44): require_once('D:\\Ampps\\www\\quality-patrol\\public\\index.php')
ERROR - 2025-11-10 07:31:24 --> mysqli_sql_exception: Unknown column 'dept' in 'field list' in D:\Ampps\www\quality-patrol\system\Database\MySQLi\Connection.php:327
Stack trace:
#0 D:\Ampps\www\quality-patrol\system\Database\MySQLi\Connection.php(327): mysqli->query()
#1 D:\Ampps\www\quality-patrol\system\Database\BaseConnection.php(729): CodeIgniter\Database\MySQLi\Connection->execute()
#2 D:\Ampps\www\quality-patrol\system\Database\BaseConnection.php(646): CodeIgniter\Database\BaseConnection->simpleQuery()
#3 D:\Ampps\www\quality-patrol\system\Database\BaseBuilder.php(2345): CodeIgniter\Database\BaseConnection->query()
#4 D:\Ampps\www\quality-patrol\app\Controllers\Admin.php(144): CodeIgniter\Database\BaseBuilder->insert()
#5 D:\Ampps\www\quality-patrol\system\CodeIgniter.php(933): App\Controllers\Admin->sendData()
#6 D:\Ampps\www\quality-patrol\system\CodeIgniter.php(507): CodeIgniter\CodeIgniter->runController()
#7 D:\Ampps\www\quality-patrol\system\CodeIgniter.php(354): CodeIgniter\CodeIgniter->handleRequest()
#8 D:\Ampps\www\quality-patrol\system\Boot.php(363): CodeIgniter\CodeIgniter->run()
#9 D:\Ampps\www\quality-patrol\system\Boot.php(68): CodeIgniter\Boot::runCodeIgniter()
#10 D:\Ampps\www\quality-patrol\public\index.php(59): CodeIgniter\Boot::bootWeb()
#11 D:\Ampps\www\quality-patrol\system\rewrite.php(44): require_once('...')
#12 {main}
CRITICAL - 2025-11-10 07:31:24 --> CodeIgniter\Database\Exceptions\DatabaseException: Unknown column 'dept' in 'field list'
[Method: POST, Route: admin/sendData]
in SYSTEMPATH\Database\BaseConnection.php on line 684.
 1 SYSTEMPATH\Database\BaseBuilder.php(2345): CodeIgniter\Database\BaseConnection->query()
 2 APPPATH\Controllers\Admin.php(144): CodeIgniter\Database\BaseBuilder->insert()
 3 SYSTEMPATH\CodeIgniter.php(933): App\Controllers\Admin->sendData()
 4 SYSTEMPATH\CodeIgniter.php(507): CodeIgniter\CodeIgniter->runController()
 5 SYSTEMPATH\CodeIgniter.php(354): CodeIgniter\CodeIgniter->handleRequest()
 6 SYSTEMPATH\Boot.php(363): CodeIgniter\CodeIgniter->run()
 7 SYSTEMPATH\Boot.php(68): CodeIgniter\Boot::runCodeIgniter()
 8 FCPATH\index.php(59): CodeIgniter\Boot::bootWeb()
 9 SYSTEMPATH\rewrite.php(44): require_once('D:\\Ampps\\www\\quality-patrol\\public\\index.php')
CRITICAL - 2025-11-10 07:31:24 --> [Caused by] CodeIgniter\Database\Exceptions\DatabaseException: Unknown column 'dept' in 'field list'
in SYSTEMPATH\Database\MySQLi\Connection.php on line 332.
 1 SYSTEMPATH\Database\BaseConnection.php(729): CodeIgniter\Database\MySQLi\Connection->execute()
 2 SYSTEMPATH\Database\BaseConnection.php(646): CodeIgniter\Database\BaseConnection->simpleQuery()
 3 SYSTEMPATH\Database\BaseBuilder.php(2345): CodeIgniter\Database\BaseConnection->query()
 4 APPPATH\Controllers\Admin.php(144): CodeIgniter\Database\BaseBuilder->insert()
 5 SYSTEMPATH\CodeIgniter.php(933): App\Controllers\Admin->sendData()
 6 SYSTEMPATH\CodeIgniter.php(507): CodeIgniter\CodeIgniter->runController()
 7 SYSTEMPATH\CodeIgniter.php(354): CodeIgniter\CodeIgniter->handleRequest()
 8 SYSTEMPATH\Boot.php(363): CodeIgniter\CodeIgniter->run()
 9 SYSTEMPATH\Boot.php(68): CodeIgniter\Boot::runCodeIgniter()
10 FCPATH\index.php(59): CodeIgniter\Boot::bootWeb()
11 SYSTEMPATH\rewrite.php(44): require_once('D:\\Ampps\\www\\quality-patrol\\public\\index.php')
CRITICAL - 2025-11-10 07:31:24 --> [Caused by] mysqli_sql_exception: Unknown column 'dept' in 'field list'
in SYSTEMPATH\Database\MySQLi\Connection.php on line 327.
 1 SYSTEMPATH\Database\MySQLi\Connection.php(327): mysqli->query()
 2 SYSTEMPATH\Database\BaseConnection.php(729): CodeIgniter\Database\MySQLi\Connection->execute()
 3 SYSTEMPATH\Database\BaseConnection.php(646): CodeIgniter\Database\BaseConnection->simpleQuery()
 4 SYSTEMPATH\Database\BaseBuilder.php(2345): CodeIgniter\Database\BaseConnection->query()
 5 APPPATH\Controllers\Admin.php(144): CodeIgniter\Database\BaseBuilder->insert()
 6 SYSTEMPATH\CodeIgniter.php(933): App\Controllers\Admin->sendData()
 7 SYSTEMPATH\CodeIgniter.php(507): CodeIgniter\CodeIgniter->runController()
 8 SYSTEMPATH\CodeIgniter.php(354): CodeIgniter\CodeIgniter->handleRequest()
 9 SYSTEMPATH\Boot.php(363): CodeIgniter\CodeIgniter->run()
10 SYSTEMPATH\Boot.php(68): CodeIgniter\Boot::runCodeIgniter()
11 FCPATH\index.php(59): CodeIgniter\Boot::bootWeb()
12 SYSTEMPATH\rewrite.php(44): require_once('D:\\Ampps\\www\\quality-patrol\\public\\index.php')
ERROR - 2025-11-10 07:48:17 --> mysqli_sql_exception: Unknown column 'role' in 'field list' in D:\Ampps\www\quality-patrol\system\Database\MySQLi\Connection.php:327
Stack trace:
#0 D:\Ampps\www\quality-patrol\system\Database\MySQLi\Connection.php(327): mysqli->query()
#1 D:\Ampps\www\quality-patrol\system\Database\BaseConnection.php(729): CodeIgniter\Database\MySQLi\Connection->execute()
#2 D:\Ampps\www\quality-patrol\system\Database\BaseConnection.php(646): CodeIgniter\Database\BaseConnection->simpleQuery()
#3 D:\Ampps\www\quality-patrol\system\Database\BaseBuilder.php(2345): CodeIgniter\Database\BaseConnection->query()
#4 D:\Ampps\www\quality-patrol\app\Controllers\Admin.php(145): CodeIgniter\Database\BaseBuilder->insert()
#5 D:\Ampps\www\quality-patrol\system\CodeIgniter.php(933): App\Controllers\Admin->sendData()
#6 D:\Ampps\www\quality-patrol\system\CodeIgniter.php(507): CodeIgniter\CodeIgniter->runController()
#7 D:\Ampps\www\quality-patrol\system\CodeIgniter.php(354): CodeIgniter\CodeIgniter->handleRequest()
#8 D:\Ampps\www\quality-patrol\system\Boot.php(363): CodeIgniter\CodeIgniter->run()
#9 D:\Ampps\www\quality-patrol\system\Boot.php(68): CodeIgniter\Boot::runCodeIgniter()
#10 D:\Ampps\www\quality-patrol\public\index.php(59): CodeIgniter\Boot::bootWeb()
#11 D:\Ampps\www\quality-patrol\system\rewrite.php(44): require_once('...')
#12 {main}
CRITICAL - 2025-11-10 07:48:17 --> CodeIgniter\Database\Exceptions\DatabaseException: Unknown column 'role' in 'field list'
[Method: POST, Route: admin/sendData]
in SYSTEMPATH\Database\BaseConnection.php on line 684.
 1 SYSTEMPATH\Database\BaseBuilder.php(2345): CodeIgniter\Database\BaseConnection->query()
 2 APPPATH\Controllers\Admin.php(145): CodeIgniter\Database\BaseBuilder->insert()
 3 SYSTEMPATH\CodeIgniter.php(933): App\Controllers\Admin->sendData()
 4 SYSTEMPATH\CodeIgniter.php(507): CodeIgniter\CodeIgniter->runController()
 5 SYSTEMPATH\CodeIgniter.php(354): CodeIgniter\CodeIgniter->handleRequest()
 6 SYSTEMPATH\Boot.php(363): CodeIgniter\CodeIgniter->run()
 7 SYSTEMPATH\Boot.php(68): CodeIgniter\Boot::runCodeIgniter()
 8 FCPATH\index.php(59): CodeIgniter\Boot::bootWeb()
 9 SYSTEMPATH\rewrite.php(44): require_once('D:\\Ampps\\www\\quality-patrol\\public\\index.php')
CRITICAL - 2025-11-10 07:48:17 --> [Caused by] CodeIgniter\Database\Exceptions\DatabaseException: Unknown column 'role' in 'field list'
in SYSTEMPATH\Database\MySQLi\Connection.php on line 332.
 1 SYSTEMPATH\Database\BaseConnection.php(729): CodeIgniter\Database\MySQLi\Connection->execute()
 2 SYSTEMPATH\Database\BaseConnection.php(646): CodeIgniter\Database\BaseConnection->simpleQuery()
 3 SYSTEMPATH\Database\BaseBuilder.php(2345): CodeIgniter\Database\BaseConnection->query()
 4 APPPATH\Controllers\Admin.php(145): CodeIgniter\Database\BaseBuilder->insert()
 5 SYSTEMPATH\CodeIgniter.php(933): App\Controllers\Admin->sendData()
 6 SYSTEMPATH\CodeIgniter.php(507): CodeIgniter\CodeIgniter->runController()
 7 SYSTEMPATH\CodeIgniter.php(354): CodeIgniter\CodeIgniter->handleRequest()
 8 SYSTEMPATH\Boot.php(363): CodeIgniter\CodeIgniter->run()
 9 SYSTEMPATH\Boot.php(68): CodeIgniter\Boot::runCodeIgniter()
10 FCPATH\index.php(59): CodeIgniter\Boot::bootWeb()
11 SYSTEMPATH\rewrite.php(44): require_once('D:\\Ampps\\www\\quality-patrol\\public\\index.php')
CRITICAL - 2025-11-10 07:48:17 --> [Caused by] mysqli_sql_exception: Unknown column 'role' in 'field list'
in SYSTEMPATH\Database\MySQLi\Connection.php on line 327.
 1 SYSTEMPATH\Database\MySQLi\Connection.php(327): mysqli->query()
 2 SYSTEMPATH\Database\BaseConnection.php(729): CodeIgniter\Database\MySQLi\Connection->execute()
 3 SYSTEMPATH\Database\BaseConnection.php(646): CodeIgniter\Database\BaseConnection->simpleQuery()
 4 SYSTEMPATH\Database\BaseBuilder.php(2345): CodeIgniter\Database\BaseConnection->query()
 5 APPPATH\Controllers\Admin.php(145): CodeIgniter\Database\BaseBuilder->insert()
 6 SYSTEMPATH\CodeIgniter.php(933): App\Controllers\Admin->sendData()
 7 SYSTEMPATH\CodeIgniter.php(507): CodeIgniter\CodeIgniter->runController()
 8 SYSTEMPATH\CodeIgniter.php(354): CodeIgniter\CodeIgniter->handleRequest()
 9 SYSTEMPATH\Boot.php(363): CodeIgniter\CodeIgniter->run()
10 SYSTEMPATH\Boot.php(68): CodeIgniter\Boot::runCodeIgniter()
11 FCPATH\index.php(59): CodeIgniter\Boot::bootWeb()
12 SYSTEMPATH\rewrite.php(44): require_once('D:\\Ampps\\www\\quality-patrol\\public\\index.php')
ERROR - 2025-11-10 07:49:44 --> mysqli_sql_exception: Unknown column 'role' in 'field list' in D:\Ampps\www\quality-patrol\system\Database\MySQLi\Connection.php:327
Stack trace:
#0 D:\Ampps\www\quality-patrol\system\Database\MySQLi\Connection.php(327): mysqli->query()
#1 D:\Ampps\www\quality-patrol\system\Database\BaseConnection.php(729): CodeIgniter\Database\MySQLi\Connection->execute()
#2 D:\Ampps\www\quality-patrol\system\Database\BaseConnection.php(646): CodeIgniter\Database\BaseConnection->simpleQuery()
#3 D:\Ampps\www\quality-patrol\system\Database\BaseBuilder.php(2345): CodeIgniter\Database\BaseConnection->query()
#4 D:\Ampps\www\quality-patrol\app\Controllers\Admin.php(145): CodeIgniter\Database\BaseBuilder->insert()
#5 D:\Ampps\www\quality-patrol\system\CodeIgniter.php(933): App\Controllers\Admin->sendData()
#6 D:\Ampps\www\quality-patrol\system\CodeIgniter.php(507): CodeIgniter\CodeIgniter->runController()
#7 D:\Ampps\www\quality-patrol\system\CodeIgniter.php(354): CodeIgniter\CodeIgniter->handleRequest()
#8 D:\Ampps\www\quality-patrol\system\Boot.php(363): CodeIgniter\CodeIgniter->run()
#9 D:\Ampps\www\quality-patrol\system\Boot.php(68): CodeIgniter\Boot::runCodeIgniter()
#10 D:\Ampps\www\quality-patrol\public\index.php(59): CodeIgniter\Boot::bootWeb()
#11 D:\Ampps\www\quality-patrol\system\rewrite.php(44): require_once('...')
#12 {main}
CRITICAL - 2025-11-10 07:49:44 --> CodeIgniter\Database\Exceptions\DatabaseException: Unknown column 'role' in 'field list'
[Method: POST, Route: admin/sendData]
in SYSTEMPATH\Database\BaseConnection.php on line 684.
 1 SYSTEMPATH\Database\BaseBuilder.php(2345): CodeIgniter\Database\BaseConnection->query()
 2 APPPATH\Controllers\Admin.php(145): CodeIgniter\Database\BaseBuilder->insert()
 3 SYSTEMPATH\CodeIgniter.php(933): App\Controllers\Admin->sendData()
 4 SYSTEMPATH\CodeIgniter.php(507): CodeIgniter\CodeIgniter->runController()
 5 SYSTEMPATH\CodeIgniter.php(354): CodeIgniter\CodeIgniter->handleRequest()
 6 SYSTEMPATH\Boot.php(363): CodeIgniter\CodeIgniter->run()
 7 SYSTEMPATH\Boot.php(68): CodeIgniter\Boot::runCodeIgniter()
 8 FCPATH\index.php(59): CodeIgniter\Boot::bootWeb()
 9 SYSTEMPATH\rewrite.php(44): require_once('D:\\Ampps\\www\\quality-patrol\\public\\index.php')
CRITICAL - 2025-11-10 07:49:44 --> [Caused by] CodeIgniter\Database\Exceptions\DatabaseException: Unknown column 'role' in 'field list'
in SYSTEMPATH\Database\MySQLi\Connection.php on line 332.
 1 SYSTEMPATH\Database\BaseConnection.php(729): CodeIgniter\Database\MySQLi\Connection->execute()
 2 SYSTEMPATH\Database\BaseConnection.php(646): CodeIgniter\Database\BaseConnection->simpleQuery()
 3 SYSTEMPATH\Database\BaseBuilder.php(2345): CodeIgniter\Database\BaseConnection->query()
 4 APPPATH\Controllers\Admin.php(145): CodeIgniter\Database\BaseBuilder->insert()
 5 SYSTEMPATH\CodeIgniter.php(933): App\Controllers\Admin->sendData()
 6 SYSTEMPATH\CodeIgniter.php(507): CodeIgniter\CodeIgniter->runController()
 7 SYSTEMPATH\CodeIgniter.php(354): CodeIgniter\CodeIgniter->handleRequest()
 8 SYSTEMPATH\Boot.php(363): CodeIgniter\CodeIgniter->run()
 9 SYSTEMPATH\Boot.php(68): CodeIgniter\Boot::runCodeIgniter()
10 FCPATH\index.php(59): CodeIgniter\Boot::bootWeb()
11 SYSTEMPATH\rewrite.php(44): require_once('D:\\Ampps\\www\\quality-patrol\\public\\index.php')
CRITICAL - 2025-11-10 07:49:44 --> [Caused by] mysqli_sql_exception: Unknown column 'role' in 'field list'
in SYSTEMPATH\Database\MySQLi\Connection.php on line 327.
 1 SYSTEMPATH\Database\MySQLi\Connection.php(327): mysqli->query()
 2 SYSTEMPATH\Database\BaseConnection.php(729): CodeIgniter\Database\MySQLi\Connection->execute()
 3 SYSTEMPATH\Database\BaseConnection.php(646): CodeIgniter\Database\BaseConnection->simpleQuery()
 4 SYSTEMPATH\Database\BaseBuilder.php(2345): CodeIgniter\Database\BaseConnection->query()
 5 APPPATH\Controllers\Admin.php(145): CodeIgniter\Database\BaseBuilder->insert()
 6 SYSTEMPATH\CodeIgniter.php(933): App\Controllers\Admin->sendData()
 7 SYSTEMPATH\CodeIgniter.php(507): CodeIgniter\CodeIgniter->runController()
 8 SYSTEMPATH\CodeIgniter.php(354): CodeIgniter\CodeIgniter->handleRequest()
 9 SYSTEMPATH\Boot.php(363): CodeIgniter\CodeIgniter->run()
10 SYSTEMPATH\Boot.php(68): CodeIgniter\Boot::runCodeIgniter()
11 FCPATH\index.php(59): CodeIgniter\Boot::bootWeb()
12 SYSTEMPATH\rewrite.php(44): require_once('D:\\Ampps\\www\\quality-patrol\\public\\index.php')
CRITICAL - 2025-11-10 07:51:13 --> ErrorException: Undefined array key "npk_user"
[Method: GET, Route: admin/mdata_user]
in APPPATH\Views\admin\mdata_user.php on line 102.
 1 APPPATH\Views\admin\mdata_user.php(102): CodeIgniter\Debug\Exceptions->errorHandler()
 2 SYSTEMPATH\View\View.php(226): include('D:\\Ampps\\www\\quality-patrol\\app\\Views\\admin\\mdata_user.php')
 3 SYSTEMPATH\View\View.php(229): CodeIgniter\View\View->CodeIgniter\View\{closure}()
 4 SYSTEMPATH\Common.php(1167): CodeIgniter\View\View->render()
 5 APPPATH\Controllers\Admin.php(19): view()
 6 SYSTEMPATH\CodeIgniter.php(933): App\Controllers\Admin->mdata_user()
 7 SYSTEMPATH\CodeIgniter.php(507): CodeIgniter\CodeIgniter->runController()
 8 SYSTEMPATH\CodeIgniter.php(354): CodeIgniter\CodeIgniter->handleRequest()
 9 SYSTEMPATH\Boot.php(363): CodeIgniter\CodeIgniter->run()
10 SYSTEMPATH\Boot.php(68): CodeIgniter\Boot::runCodeIgniter()
11 FCPATH\index.php(59): CodeIgniter\Boot::bootWeb()
12 SYSTEMPATH\rewrite.php(44): require_once('D:\\Ampps\\www\\quality-patrol\\public\\index.php')
CRITICAL - 2025-11-10 07:51:34 --> ErrorException: Undefined array key "nama_user"
[Method: GET, Route: admin/mdata_user]
in APPPATH\Views\admin\mdata_user.php on line 103.
 1 APPPATH\Views\admin\mdata_user.php(103): CodeIgniter\Debug\Exceptions->errorHandler()
 2 SYSTEMPATH\View\View.php(226): include('D:\\Ampps\\www\\quality-patrol\\app\\Views\\admin\\mdata_user.php')
 3 SYSTEMPATH\View\View.php(229): CodeIgniter\View\View->CodeIgniter\View\{closure}()
 4 SYSTEMPATH\Common.php(1167): CodeIgniter\View\View->render()
 5 APPPATH\Controllers\Admin.php(19): view()
 6 SYSTEMPATH\CodeIgniter.php(933): App\Controllers\Admin->mdata_user()
 7 SYSTEMPATH\CodeIgniter.php(507): CodeIgniter\CodeIgniter->runController()
 8 SYSTEMPATH\CodeIgniter.php(354): CodeIgniter\CodeIgniter->handleRequest()
 9 SYSTEMPATH\Boot.php(363): CodeIgniter\CodeIgniter->run()
10 SYSTEMPATH\Boot.php(68): CodeIgniter\Boot::runCodeIgniter()
11 FCPATH\index.php(59): CodeIgniter\Boot::bootWeb()
12 SYSTEMPATH\rewrite.php(44): require_once('D:\\Ampps\\www\\quality-patrol\\public\\index.php')
CRITICAL - 2025-11-10 07:54:48 --> ErrorException: Undefined array key "seksi"
[Method: GET, Route: admin/mdata_user]
in APPPATH\Views\admin\mdata_user.php on line 118.
 1 APPPATH\Views\admin\mdata_user.php(118): CodeIgniter\Debug\Exceptions->errorHandler()
 2 SYSTEMPATH\View\View.php(226): include('D:\\Ampps\\www\\quality-patrol\\app\\Views\\admin\\mdata_user.php')
 3 SYSTEMPATH\View\View.php(229): CodeIgniter\View\View->CodeIgniter\View\{closure}()
 4 SYSTEMPATH\Common.php(1167): CodeIgniter\View\View->render()
 5 APPPATH\Controllers\Admin.php(19): view()
 6 SYSTEMPATH\CodeIgniter.php(933): App\Controllers\Admin->mdata_user()
 7 SYSTEMPATH\CodeIgniter.php(507): CodeIgniter\CodeIgniter->runController()
 8 SYSTEMPATH\CodeIgniter.php(354): CodeIgniter\CodeIgniter->handleRequest()
 9 SYSTEMPATH\Boot.php(363): CodeIgniter\CodeIgniter->run()
10 SYSTEMPATH\Boot.php(68): CodeIgniter\Boot::runCodeIgniter()
11 FCPATH\index.php(59): CodeIgniter\Boot::bootWeb()
12 SYSTEMPATH\rewrite.php(44): require_once('D:\\Ampps\\www\\quality-patrol\\public\\index.php')
CRITICAL - 2025-11-10 07:56:09 --> ErrorException: Undefined variable $data_seksi
[Method: GET, Route: admin/mdata_user]
in APPPATH\Views\admin\mdata_user.php on line 117.
 1 APPPATH\Views\admin\mdata_user.php(117): CodeIgniter\Debug\Exceptions->errorHandler()
 2 SYSTEMPATH\View\View.php(226): include('D:\\Ampps\\www\\quality-patrol\\app\\Views\\admin\\mdata_user.php')
 3 SYSTEMPATH\View\View.php(229): CodeIgniter\View\View->CodeIgniter\View\{closure}()
 4 SYSTEMPATH\Common.php(1167): CodeIgniter\View\View->render()
 5 APPPATH\Controllers\Admin.php(20): view()
 6 SYSTEMPATH\CodeIgniter.php(933): App\Controllers\Admin->mdata_user()
 7 SYSTEMPATH\CodeIgniter.php(507): CodeIgniter\CodeIgniter->runController()
 8 SYSTEMPATH\CodeIgniter.php(354): CodeIgniter\CodeIgniter->handleRequest()
 9 SYSTEMPATH\Boot.php(363): CodeIgniter\CodeIgniter->run()
10 SYSTEMPATH\Boot.php(68): CodeIgniter\Boot::runCodeIgniter()
11 FCPATH\index.php(59): CodeIgniter\Boot::bootWeb()
12 SYSTEMPATH\rewrite.php(44): require_once('D:\\Ampps\\www\\quality-patrol\\public\\index.php')
ERROR - 2025-11-10 08:00:25 --> mysqli_sql_exception: Duplicate entry '0' for key 'dt_user.PRIMARY' in D:\Ampps\www\quality-patrol\system\Database\MySQLi\Connection.php:327
Stack trace:
#0 D:\Ampps\www\quality-patrol\system\Database\MySQLi\Connection.php(327): mysqli->query()
#1 D:\Ampps\www\quality-patrol\system\Database\BaseConnection.php(729): CodeIgniter\Database\MySQLi\Connection->execute()
#2 D:\Ampps\www\quality-patrol\system\Database\BaseConnection.php(646): CodeIgniter\Database\BaseConnection->simpleQuery()
#3 D:\Ampps\www\quality-patrol\system\Database\BaseBuilder.php(2345): CodeIgniter\Database\BaseConnection->query()
#4 D:\Ampps\www\quality-patrol\app\Controllers\Admin.php(146): CodeIgniter\Database\BaseBuilder->insert()
#5 D:\Ampps\www\quality-patrol\system\CodeIgniter.php(933): App\Controllers\Admin->sendData()
#6 D:\Ampps\www\quality-patrol\system\CodeIgniter.php(507): CodeIgniter\CodeIgniter->runController()
#7 D:\Ampps\www\quality-patrol\system\CodeIgniter.php(354): CodeIgniter\CodeIgniter->handleRequest()
#8 D:\Ampps\www\quality-patrol\system\Boot.php(363): CodeIgniter\CodeIgniter->run()
#9 D:\Ampps\www\quality-patrol\system\Boot.php(68): CodeIgniter\Boot::runCodeIgniter()
#10 D:\Ampps\www\quality-patrol\public\index.php(59): CodeIgniter\Boot::bootWeb()
#11 D:\Ampps\www\quality-patrol\system\rewrite.php(44): require_once('...')
#12 {main}
CRITICAL - 2025-11-10 08:00:25 --> CodeIgniter\Database\Exceptions\DatabaseException: Duplicate entry '0' for key 'dt_user.PRIMARY'
[Method: POST, Route: admin/sendData]
in SYSTEMPATH\Database\BaseConnection.php on line 684.
 1 SYSTEMPATH\Database\BaseBuilder.php(2345): CodeIgniter\Database\BaseConnection->query()
 2 APPPATH\Controllers\Admin.php(146): CodeIgniter\Database\BaseBuilder->insert()
 3 SYSTEMPATH\CodeIgniter.php(933): App\Controllers\Admin->sendData()
 4 SYSTEMPATH\CodeIgniter.php(507): CodeIgniter\CodeIgniter->runController()
 5 SYSTEMPATH\CodeIgniter.php(354): CodeIgniter\CodeIgniter->handleRequest()
 6 SYSTEMPATH\Boot.php(363): CodeIgniter\CodeIgniter->run()
 7 SYSTEMPATH\Boot.php(68): CodeIgniter\Boot::runCodeIgniter()
 8 FCPATH\index.php(59): CodeIgniter\Boot::bootWeb()
 9 SYSTEMPATH\rewrite.php(44): require_once('D:\\Ampps\\www\\quality-patrol\\public\\index.php')
CRITICAL - 2025-11-10 08:00:25 --> [Caused by] CodeIgniter\Database\Exceptions\DatabaseException: Duplicate entry '0' for key 'dt_user.PRIMARY'
in SYSTEMPATH\Database\MySQLi\Connection.php on line 332.
 1 SYSTEMPATH\Database\BaseConnection.php(729): CodeIgniter\Database\MySQLi\Connection->execute()
 2 SYSTEMPATH\Database\BaseConnection.php(646): CodeIgniter\Database\BaseConnection->simpleQuery()
 3 SYSTEMPATH\Database\BaseBuilder.php(2345): CodeIgniter\Database\BaseConnection->query()
 4 APPPATH\Controllers\Admin.php(146): CodeIgniter\Database\BaseBuilder->insert()
 5 SYSTEMPATH\CodeIgniter.php(933): App\Controllers\Admin->sendData()
 6 SYSTEMPATH\CodeIgniter.php(507): CodeIgniter\CodeIgniter->runController()
 7 SYSTEMPATH\CodeIgniter.php(354): CodeIgniter\CodeIgniter->handleRequest()
 8 SYSTEMPATH\Boot.php(363): CodeIgniter\CodeIgniter->run()
 9 SYSTEMPATH\Boot.php(68): CodeIgniter\Boot::runCodeIgniter()
10 FCPATH\index.php(59): CodeIgniter\Boot::bootWeb()
11 SYSTEMPATH\rewrite.php(44): require_once('D:\\Ampps\\www\\quality-patrol\\public\\index.php')
CRITICAL - 2025-11-10 08:00:25 --> [Caused by] mysqli_sql_exception: Duplicate entry '0' for key 'dt_user.PRIMARY'
in SYSTEMPATH\Database\MySQLi\Connection.php on line 327.
 1 SYSTEMPATH\Database\MySQLi\Connection.php(327): mysqli->query()
 2 SYSTEMPATH\Database\BaseConnection.php(729): CodeIgniter\Database\MySQLi\Connection->execute()
 3 SYSTEMPATH\Database\BaseConnection.php(646): CodeIgniter\Database\BaseConnection->simpleQuery()
 4 SYSTEMPATH\Database\BaseBuilder.php(2345): CodeIgniter\Database\BaseConnection->query()
 5 APPPATH\Controllers\Admin.php(146): CodeIgniter\Database\BaseBuilder->insert()
 6 SYSTEMPATH\CodeIgniter.php(933): App\Controllers\Admin->sendData()
 7 SYSTEMPATH\CodeIgniter.php(507): CodeIgniter\CodeIgniter->runController()
 8 SYSTEMPATH\CodeIgniter.php(354): CodeIgniter\CodeIgniter->handleRequest()
 9 SYSTEMPATH\Boot.php(363): CodeIgniter\CodeIgniter->run()
10 SYSTEMPATH\Boot.php(68): CodeIgniter\Boot::runCodeIgniter()
11 FCPATH\index.php(59): CodeIgniter\Boot::bootWeb()
12 SYSTEMPATH\rewrite.php(44): require_once('D:\\Ampps\\www\\quality-patrol\\public\\index.php')
ERROR - 2025-11-10 08:00:32 --> mysqli_sql_exception: Duplicate entry '0' for key 'dt_user.PRIMARY' in D:\Ampps\www\quality-patrol\system\Database\MySQLi\Connection.php:327
Stack trace:
#0 D:\Ampps\www\quality-patrol\system\Database\MySQLi\Connection.php(327): mysqli->query()
#1 D:\Ampps\www\quality-patrol\system\Database\BaseConnection.php(729): CodeIgniter\Database\MySQLi\Connection->execute()
#2 D:\Ampps\www\quality-patrol\system\Database\BaseConnection.php(646): CodeIgniter\Database\BaseConnection->simpleQuery()
#3 D:\Ampps\www\quality-patrol\system\Database\BaseBuilder.php(2345): CodeIgniter\Database\BaseConnection->query()
#4 D:\Ampps\www\quality-patrol\app\Controllers\Admin.php(146): CodeIgniter\Database\BaseBuilder->insert()
#5 D:\Ampps\www\quality-patrol\system\CodeIgniter.php(933): App\Controllers\Admin->sendData()
#6 D:\Ampps\www\quality-patrol\system\CodeIgniter.php(507): CodeIgniter\CodeIgniter->runController()
#7 D:\Ampps\www\quality-patrol\system\CodeIgniter.php(354): CodeIgniter\CodeIgniter->handleRequest()
#8 D:\Ampps\www\quality-patrol\system\Boot.php(363): CodeIgniter\CodeIgniter->run()
#9 D:\Ampps\www\quality-patrol\system\Boot.php(68): CodeIgniter\Boot::runCodeIgniter()
#10 D:\Ampps\www\quality-patrol\public\index.php(59): CodeIgniter\Boot::bootWeb()
#11 D:\Ampps\www\quality-patrol\system\rewrite.php(44): require_once('...')
#12 {main}
CRITICAL - 2025-11-10 08:00:32 --> CodeIgniter\Database\Exceptions\DatabaseException: Duplicate entry '0' for key 'dt_user.PRIMARY'
[Method: POST, Route: admin/sendData]
in SYSTEMPATH\Database\BaseConnection.php on line 684.
 1 SYSTEMPATH\Database\BaseBuilder.php(2345): CodeIgniter\Database\BaseConnection->query()
 2 APPPATH\Controllers\Admin.php(146): CodeIgniter\Database\BaseBuilder->insert()
 3 SYSTEMPATH\CodeIgniter.php(933): App\Controllers\Admin->sendData()
 4 SYSTEMPATH\CodeIgniter.php(507): CodeIgniter\CodeIgniter->runController()
 5 SYSTEMPATH\CodeIgniter.php(354): CodeIgniter\CodeIgniter->handleRequest()
 6 SYSTEMPATH\Boot.php(363): CodeIgniter\CodeIgniter->run()
 7 SYSTEMPATH\Boot.php(68): CodeIgniter\Boot::runCodeIgniter()
 8 FCPATH\index.php(59): CodeIgniter\Boot::bootWeb()
 9 SYSTEMPATH\rewrite.php(44): require_once('D:\\Ampps\\www\\quality-patrol\\public\\index.php')
CRITICAL - 2025-11-10 08:00:32 --> [Caused by] CodeIgniter\Database\Exceptions\DatabaseException: Duplicate entry '0' for key 'dt_user.PRIMARY'
in SYSTEMPATH\Database\MySQLi\Connection.php on line 332.
 1 SYSTEMPATH\Database\BaseConnection.php(729): CodeIgniter\Database\MySQLi\Connection->execute()
 2 SYSTEMPATH\Database\BaseConnection.php(646): CodeIgniter\Database\BaseConnection->simpleQuery()
 3 SYSTEMPATH\Database\BaseBuilder.php(2345): CodeIgniter\Database\BaseConnection->query()
 4 APPPATH\Controllers\Admin.php(146): CodeIgniter\Database\BaseBuilder->insert()
 5 SYSTEMPATH\CodeIgniter.php(933): App\Controllers\Admin->sendData()
 6 SYSTEMPATH\CodeIgniter.php(507): CodeIgniter\CodeIgniter->runController()
 7 SYSTEMPATH\CodeIgniter.php(354): CodeIgniter\CodeIgniter->handleRequest()
 8 SYSTEMPATH\Boot.php(363): CodeIgniter\CodeIgniter->run()
 9 SYSTEMPATH\Boot.php(68): CodeIgniter\Boot::runCodeIgniter()
10 FCPATH\index.php(59): CodeIgniter\Boot::bootWeb()
11 SYSTEMPATH\rewrite.php(44): require_once('D:\\Ampps\\www\\quality-patrol\\public\\index.php')
CRITICAL - 2025-11-10 08:00:32 --> [Caused by] mysqli_sql_exception: Duplicate entry '0' for key 'dt_user.PRIMARY'
in SYSTEMPATH\Database\MySQLi\Connection.php on line 327.
 1 SYSTEMPATH\Database\MySQLi\Connection.php(327): mysqli->query()
 2 SYSTEMPATH\Database\BaseConnection.php(729): CodeIgniter\Database\MySQLi\Connection->execute()
 3 SYSTEMPATH\Database\BaseConnection.php(646): CodeIgniter\Database\BaseConnection->simpleQuery()
 4 SYSTEMPATH\Database\BaseBuilder.php(2345): CodeIgniter\Database\BaseConnection->query()
 5 APPPATH\Controllers\Admin.php(146): CodeIgniter\Database\BaseBuilder->insert()
 6 SYSTEMPATH\CodeIgniter.php(933): App\Controllers\Admin->sendData()
 7 SYSTEMPATH\CodeIgniter.php(507): CodeIgniter\CodeIgniter->runController()
 8 SYSTEMPATH\CodeIgniter.php(354): CodeIgniter\CodeIgniter->handleRequest()
 9 SYSTEMPATH\Boot.php(363): CodeIgniter\CodeIgniter->run()
10 SYSTEMPATH\Boot.php(68): CodeIgniter\Boot::runCodeIgniter()
11 FCPATH\index.php(59): CodeIgniter\Boot::bootWeb()
12 SYSTEMPATH\rewrite.php(44): require_once('D:\\Ampps\\www\\quality-patrol\\public\\index.php')
